Archive member included to satisfy reference by file (symbol)

c:/st/stm32cubeide_1.3.0/stm32cubeide/plugins/com.st.stm32cube.ide.mcu.externaltools.gnu-tools-for-stm32.7-2018-q2-update.win32_1.0.0.201904181610/tools/bin/../lib/gcc/arm-none-eabi/7.3.1/../../../../arm-none-eabi/lib/thumb/v7-m\libc_nano.a(lib_a-exit.o)
                              c:/st/stm32cubeide_1.3.0/stm32cubeide/plugins/com.st.stm32cube.ide.mcu.externaltools.gnu-tools-for-stm32.7-2018-q2-update.win32_1.0.0.201904181610/tools/bin/../lib/gcc/arm-none-eabi/7.3.1/../../../../arm-none-eabi/lib/thumb/v7-m/crt0.o (exit)
c:/st/stm32cubeide_1.3.0/stm32cubeide/plugins/com.st.stm32cube.ide.mcu.externaltools.gnu-tools-for-stm32.7-2018-q2-update.win32_1.0.0.201904181610/tools/bin/../lib/gcc/arm-none-eabi/7.3.1/../../../../arm-none-eabi/lib/thumb/v7-m\libc_nano.a(lib_a-impure.o)
                              c:/st/stm32cubeide_1.3.0/stm32cubeide/plugins/com.st.stm32cube.ide.mcu.externaltools.gnu-tools-for-stm32.7-2018-q2-update.win32_1.0.0.201904181610/tools/bin/../lib/gcc/arm-none-eabi/7.3.1/../../../../arm-none-eabi/lib/thumb/v7-m\libc_nano.a(lib_a-exit.o) (_global_impure_ptr)
c:/st/stm32cubeide_1.3.0/stm32cubeide/plugins/com.st.stm32cube.ide.mcu.externaltools.gnu-tools-for-stm32.7-2018-q2-update.win32_1.0.0.201904181610/tools/bin/../lib/gcc/arm-none-eabi/7.3.1/../../../../arm-none-eabi/lib/thumb/v7-m\libc_nano.a(lib_a-init.o)
                              c:/st/stm32cubeide_1.3.0/stm32cubeide/plugins/com.st.stm32cube.ide.mcu.externaltools.gnu-tools-for-stm32.7-2018-q2-update.win32_1.0.0.201904181610/tools/bin/../lib/gcc/arm-none-eabi/7.3.1/../../../../arm-none-eabi/lib/thumb/v7-m/crt0.o (__libc_init_array)
c:/st/stm32cubeide_1.3.0/stm32cubeide/plugins/com.st.stm32cube.ide.mcu.externaltools.gnu-tools-for-stm32.7-2018-q2-update.win32_1.0.0.201904181610/tools/bin/../lib/gcc/arm-none-eabi/7.3.1/../../../../arm-none-eabi/lib/thumb/v7-m\libc_nano.a(lib_a-memset.o)
                              c:/st/stm32cubeide_1.3.0/stm32cubeide/plugins/com.st.stm32cube.ide.mcu.externaltools.gnu-tools-for-stm32.7-2018-q2-update.win32_1.0.0.201904181610/tools/bin/../lib/gcc/arm-none-eabi/7.3.1/../../../../arm-none-eabi/lib/thumb/v7-m/crt0.o (memset)
c:/st/stm32cubeide_1.3.0/stm32cubeide/plugins/com.st.stm32cube.ide.mcu.externaltools.gnu-tools-for-stm32.7-2018-q2-update.win32_1.0.0.201904181610/tools/bin/../lib/gcc/arm-none-eabi/7.3.1/../../../../arm-none-eabi/lib/thumb/v7-m\libnosys.a(_exit.o)
                              c:/st/stm32cubeide_1.3.0/stm32cubeide/plugins/com.st.stm32cube.ide.mcu.externaltools.gnu-tools-for-stm32.7-2018-q2-update.win32_1.0.0.201904181610/tools/bin/../lib/gcc/arm-none-eabi/7.3.1/../../../../arm-none-eabi/lib/thumb/v7-m\libc_nano.a(lib_a-exit.o) (_exit)

Discarded input sections

 .text          0x0000000000000000        0x0 c:/st/stm32cubeide_1.3.0/stm32cubeide/plugins/com.st.stm32cube.ide.mcu.externaltools.gnu-tools-for-stm32.7-2018-q2-update.win32_1.0.0.201904181610/tools/bin/../lib/gcc/arm-none-eabi/7.3.1/thumb/v7-m/crti.o
 .data          0x0000000000000000        0x0 c:/st/stm32cubeide_1.3.0/stm32cubeide/plugins/com.st.stm32cube.ide.mcu.externaltools.gnu-tools-for-stm32.7-2018-q2-update.win32_1.0.0.201904181610/tools/bin/../lib/gcc/arm-none-eabi/7.3.1/thumb/v7-m/crti.o
 .bss           0x0000000000000000        0x0 c:/st/stm32cubeide_1.3.0/stm32cubeide/plugins/com.st.stm32cube.ide.mcu.externaltools.gnu-tools-for-stm32.7-2018-q2-update.win32_1.0.0.201904181610/tools/bin/../lib/gcc/arm-none-eabi/7.3.1/thumb/v7-m/crti.o
 .data          0x0000000000000000        0x4 c:/st/stm32cubeide_1.3.0/stm32cubeide/plugins/com.st.stm32cube.ide.mcu.externaltools.gnu-tools-for-stm32.7-2018-q2-update.win32_1.0.0.201904181610/tools/bin/../lib/gcc/arm-none-eabi/7.3.1/thumb/v7-m/crtbegin.o
 .text          0x0000000000000000       0x74 c:/st/stm32cubeide_1.3.0/stm32cubeide/plugins/com.st.stm32cube.ide.mcu.externaltools.gnu-tools-for-stm32.7-2018-q2-update.win32_1.0.0.201904181610/tools/bin/../lib/gcc/arm-none-eabi/7.3.1/../../../../arm-none-eabi/lib/thumb/v7-m/crt0.o
 .data          0x0000000000000000        0x0 c:/st/stm32cubeide_1.3.0/stm32cubeide/plugins/com.st.stm32cube.ide.mcu.externaltools.gnu-tools-for-stm32.7-2018-q2-update.win32_1.0.0.201904181610/tools/bin/../lib/gcc/arm-none-eabi/7.3.1/../../../../arm-none-eabi/lib/thumb/v7-m/crt0.o
 .bss           0x0000000000000000        0x0 c:/st/stm32cubeide_1.3.0/stm32cubeide/plugins/com.st.stm32cube.ide.mcu.externaltools.gnu-tools-for-stm32.7-2018-q2-update.win32_1.0.0.201904181610/tools/bin/../lib/gcc/arm-none-eabi/7.3.1/../../../../arm-none-eabi/lib/thumb/v7-m/crt0.o
 .ARM.extab     0x0000000000000000        0x0 c:/st/stm32cubeide_1.3.0/stm32cubeide/plugins/com.st.stm32cube.ide.mcu.externaltools.gnu-tools-for-stm32.7-2018-q2-update.win32_1.0.0.201904181610/tools/bin/../lib/gcc/arm-none-eabi/7.3.1/../../../../arm-none-eabi/lib/thumb/v7-m/crt0.o
 .ARM.exidx     0x0000000000000000        0x8 c:/st/stm32cubeide_1.3.0/stm32cubeide/plugins/com.st.stm32cube.ide.mcu.externaltools.gnu-tools-for-stm32.7-2018-q2-update.win32_1.0.0.201904181610/tools/bin/../lib/gcc/arm-none-eabi/7.3.1/../../../../arm-none-eabi/lib/thumb/v7-m/crt0.o
 .ARM.attributes
                0x0000000000000000       0x1b c:/st/stm32cubeide_1.3.0/stm32cubeide/plugins/com.st.stm32cube.ide.mcu.externaltools.gnu-tools-for-stm32.7-2018-q2-update.win32_1.0.0.201904181610/tools/bin/../lib/gcc/arm-none-eabi/7.3.1/../../../../arm-none-eabi/lib/thumb/v7-m/crt0.o
 .group         0x0000000000000000        0xc CMSIS/src/system_stm32f1xx.o
 .group         0x0000000000000000        0xc CMSIS/src/system_stm32f1xx.o
 .group         0x0000000000000000        0xc CMSIS/src/system_stm32f1xx.o
 .group         0x0000000000000000        0xc CMSIS/src/system_stm32f1xx.o
 .group         0x0000000000000000        0xc CMSIS/src/system_stm32f1xx.o
 .group         0x0000000000000000        0xc CMSIS/src/system_stm32f1xx.o
 .group         0x0000000000000000        0xc CMSIS/src/system_stm32f1xx.o
 .group         0x0000000000000000        0xc CMSIS/src/system_stm32f1xx.o
 .group         0x0000000000000000        0xc CMSIS/src/system_stm32f1xx.o
 .group         0x0000000000000000        0xc CMSIS/src/system_stm32f1xx.o
 .group         0x0000000000000000        0xc CMSIS/src/system_stm32f1xx.o
 .group         0x0000000000000000        0xc CMSIS/src/system_stm32f1xx.o
 .group         0x0000000000000000        0xc CMSIS/src/system_stm32f1xx.o
 .group         0x0000000000000000        0xc CMSIS/src/system_stm32f1xx.o
 .group         0x0000000000000000        0xc CMSIS/src/system_stm32f1xx.o
 .text          0x0000000000000000        0x0 CMSIS/src/system_stm32f1xx.o
 .data          0x0000000000000000        0x0 CMSIS/src/system_stm32f1xx.o
 .bss           0x0000000000000000        0x0 CMSIS/src/system_stm32f1xx.o
 .rodata.APBPrescTable
                0x0000000000000000        0x8 CMSIS/src/system_stm32f1xx.o
 .group         0x0000000000000000        0xc Core/src/gpio.o
 .group         0x0000000000000000        0xc Core/src/gpio.o
 .group         0x0000000000000000        0xc Core/src/gpio.o
 .group         0x0000000000000000        0xc Core/src/gpio.o
 .group         0x0000000000000000        0xc Core/src/gpio.o
 .group         0x0000000000000000        0xc Core/src/gpio.o
 .group         0x0000000000000000        0xc Core/src/gpio.o
 .group         0x0000000000000000        0xc Core/src/gpio.o
 .group         0x0000000000000000        0xc Core/src/gpio.o
 .group         0x0000000000000000        0xc Core/src/gpio.o
 .group         0x0000000000000000        0xc Core/src/gpio.o
 .group         0x0000000000000000        0xc Core/src/gpio.o
 .group         0x0000000000000000        0xc Core/src/gpio.o
 .group         0x0000000000000000        0xc Core/src/gpio.o
 .group         0x0000000000000000        0xc Core/src/gpio.o
 .text          0x0000000000000000        0x0 Core/src/gpio.o
 .data          0x0000000000000000        0x0 Core/src/gpio.o
 .bss           0x0000000000000000        0x0 Core/src/gpio.o
 .debug_macro   0x0000000000000000      0xa60 Core/src/gpio.o
 .debug_macro   0x0000000000000000       0x2e Core/src/gpio.o
 .debug_macro   0x0000000000000000       0x22 Core/src/gpio.o
 .debug_macro   0x0000000000000000       0x22 Core/src/gpio.o
 .debug_macro   0x0000000000000000       0x8e Core/src/gpio.o
 .debug_macro   0x0000000000000000       0x51 Core/src/gpio.o
 .debug_macro   0x0000000000000000       0xef Core/src/gpio.o
 .debug_macro   0x0000000000000000       0x6a Core/src/gpio.o
 .debug_macro   0x0000000000000000      0x1df Core/src/gpio.o
 .debug_macro   0x0000000000000000       0x1c Core/src/gpio.o
 .debug_macro   0x0000000000000000       0x22 Core/src/gpio.o
 .debug_macro   0x0000000000000000       0xc3 Core/src/gpio.o
 .debug_macro   0x0000000000000000      0xd23 Core/src/gpio.o
 .debug_macro   0x0000000000000000     0xe09e Core/src/gpio.o
 .debug_macro   0x0000000000000000       0x43 Core/src/gpio.o
 .group         0x0000000000000000        0xc Core/src/main.o
 .group         0x0000000000000000        0xc Core/src/main.o
 .group         0x0000000000000000        0xc Core/src/main.o
 .group         0x0000000000000000        0xc Core/src/main.o
 .group         0x0000000000000000        0xc Core/src/main.o
 .group         0x0000000000000000        0xc Core/src/main.o
 .group         0x0000000000000000        0xc Core/src/main.o
 .group         0x0000000000000000        0xc Core/src/main.o
 .group         0x0000000000000000        0xc Core/src/main.o
 .group         0x0000000000000000        0xc Core/src/main.o
 .group         0x0000000000000000        0xc Core/src/main.o
 .group         0x0000000000000000        0xc Core/src/main.o
 .group         0x0000000000000000        0xc Core/src/main.o
 .group         0x0000000000000000        0xc Core/src/main.o
 .group         0x0000000000000000        0xc Core/src/main.o
 .group         0x0000000000000000        0xc Core/src/main.o
 .group         0x0000000000000000        0xc Core/src/main.o
 .text          0x0000000000000000        0x0 Core/src/main.o
 .data          0x0000000000000000        0x0 Core/src/main.o
 .bss           0x0000000000000000        0x0 Core/src/main.o
 .bss.aWigandBuff
                0x0000000000000000       0x1a Core/src/main.o
 .bss.vBuffIndex
                0x0000000000000000        0x1 Core/src/main.o
 .data.vWigandStart
                0x0000000000000000        0x1 Core/src/main.o
 .bss.vParity   0x0000000000000000        0x1 Core/src/main.o
 .debug_macro   0x0000000000000000      0xa60 Core/src/main.o
 .debug_macro   0x0000000000000000       0x2e Core/src/main.o
 .debug_macro   0x0000000000000000       0x22 Core/src/main.o
 .debug_macro   0x0000000000000000       0x22 Core/src/main.o
 .debug_macro   0x0000000000000000       0x8e Core/src/main.o
 .debug_macro   0x0000000000000000       0x51 Core/src/main.o
 .debug_macro   0x0000000000000000       0xef Core/src/main.o
 .debug_macro   0x0000000000000000       0x6a Core/src/main.o
 .debug_macro   0x0000000000000000      0x1df Core/src/main.o
 .debug_macro   0x0000000000000000       0x1c Core/src/main.o
 .debug_macro   0x0000000000000000       0x22 Core/src/main.o
 .debug_macro   0x0000000000000000       0xc3 Core/src/main.o
 .debug_macro   0x0000000000000000      0xd23 Core/src/main.o
 .debug_macro   0x0000000000000000     0xe09e Core/src/main.o
 .debug_macro   0x0000000000000000       0x43 Core/src/main.o
 .group         0x0000000000000000        0xc Core/src/rcc.o
 .group         0x0000000000000000        0xc Core/src/rcc.o
 .group         0x0000000000000000        0xc Core/src/rcc.o
 .group         0x0000000000000000        0xc Core/src/rcc.o
 .group         0x0000000000000000        0xc Core/src/rcc.o
 .group         0x0000000000000000        0xc Core/src/rcc.o
 .group         0x0000000000000000        0xc Core/src/rcc.o
 .group         0x0000000000000000        0xc Core/src/rcc.o
 .group         0x0000000000000000        0xc Core/src/rcc.o
 .group         0x0000000000000000        0xc Core/src/rcc.o
 .group         0x0000000000000000        0xc Core/src/rcc.o
 .group         0x0000000000000000        0xc Core/src/rcc.o
 .group         0x0000000000000000        0xc Core/src/rcc.o
 .group         0x0000000000000000        0xc Core/src/rcc.o
 .group         0x0000000000000000        0xc Core/src/rcc.o
 .text          0x0000000000000000        0x0 Core/src/rcc.o
 .data          0x0000000000000000        0x0 Core/src/rcc.o
 .bss           0x0000000000000000        0x0 Core/src/rcc.o
 .debug_macro   0x0000000000000000      0xa60 Core/src/rcc.o
 .debug_macro   0x0000000000000000       0x2e Core/src/rcc.o
 .debug_macro   0x0000000000000000       0x22 Core/src/rcc.o
 .debug_macro   0x0000000000000000       0x22 Core/src/rcc.o
 .debug_macro   0x0000000000000000       0x8e Core/src/rcc.o
 .debug_macro   0x0000000000000000       0x51 Core/src/rcc.o
 .debug_macro   0x0000000000000000       0xef Core/src/rcc.o
 .debug_macro   0x0000000000000000       0x6a Core/src/rcc.o
 .debug_macro   0x0000000000000000      0x1df Core/src/rcc.o
 .debug_macro   0x0000000000000000       0x1c Core/src/rcc.o
 .debug_macro   0x0000000000000000       0x22 Core/src/rcc.o
 .debug_macro   0x0000000000000000       0xc3 Core/src/rcc.o
 .debug_macro   0x0000000000000000      0xd23 Core/src/rcc.o
 .debug_macro   0x0000000000000000     0xe09e Core/src/rcc.o
 .debug_macro   0x0000000000000000       0x43 Core/src/rcc.o
 .group         0x0000000000000000        0xc Core/src/tim.o
 .group         0x0000000000000000        0xc Core/src/tim.o
 .group         0x0000000000000000        0xc Core/src/tim.o
 .group         0x0000000000000000        0xc Core/src/tim.o
 .group         0x0000000000000000        0xc Core/src/tim.o
 .group         0x0000000000000000        0xc Core/src/tim.o
 .group         0x0000000000000000        0xc Core/src/tim.o
 .group         0x0000000000000000        0xc Core/src/tim.o
 .group         0x0000000000000000        0xc Core/src/tim.o
 .group         0x0000000000000000        0xc Core/src/tim.o
 .group         0x0000000000000000        0xc Core/src/tim.o
 .group         0x0000000000000000        0xc Core/src/tim.o
 .group         0x0000000000000000        0xc Core/src/tim.o
 .group         0x0000000000000000        0xc Core/src/tim.o
 .group         0x0000000000000000        0xc Core/src/tim.o
 .text          0x0000000000000000        0x0 Core/src/tim.o
 .data          0x0000000000000000        0x0 Core/src/tim.o
 .bss           0x0000000000000000        0x0 Core/src/tim.o
 .text.msDelay  0x0000000000000000       0x28 Core/src/tim.o
 .debug_macro   0x0000000000000000      0xa60 Core/src/tim.o
 .debug_macro   0x0000000000000000       0x2e Core/src/tim.o
 .debug_macro   0x0000000000000000       0x22 Core/src/tim.o
 .debug_macro   0x0000000000000000       0x22 Core/src/tim.o
 .debug_macro   0x0000000000000000       0x8e Core/src/tim.o
 .debug_macro   0x0000000000000000       0x51 Core/src/tim.o
 .debug_macro   0x0000000000000000       0xef Core/src/tim.o
 .debug_macro   0x0000000000000000       0x6a Core/src/tim.o
 .debug_macro   0x0000000000000000      0x1df Core/src/tim.o
 .debug_macro   0x0000000000000000       0x1c Core/src/tim.o
 .debug_macro   0x0000000000000000       0x22 Core/src/tim.o
 .debug_macro   0x0000000000000000       0xc3 Core/src/tim.o
 .debug_macro   0x0000000000000000      0xd23 Core/src/tim.o
 .debug_macro   0x0000000000000000     0xe09e Core/src/tim.o
 .debug_macro   0x0000000000000000       0x43 Core/src/tim.o
 .group         0x0000000000000000        0xc Core/src/wigand.o
 .group         0x0000000000000000        0xc Core/src/wigand.o
 .group         0x0000000000000000        0xc Core/src/wigand.o
 .group         0x0000000000000000        0xc Core/src/wigand.o
 .group         0x0000000000000000        0xc Core/src/wigand.o
 .group         0x0000000000000000        0xc Core/src/wigand.o
 .group         0x0000000000000000        0xc Core/src/wigand.o
 .group         0x0000000000000000        0xc Core/src/wigand.o
 .group         0x0000000000000000        0xc Core/src/wigand.o
 .group         0x0000000000000000        0xc Core/src/wigand.o
 .group         0x0000000000000000        0xc Core/src/wigand.o
 .group         0x0000000000000000        0xc Core/src/wigand.o
 .group         0x0000000000000000        0xc Core/src/wigand.o
 .group         0x0000000000000000        0xc Core/src/wigand.o
 .group         0x0000000000000000        0xc Core/src/wigand.o
 .group         0x0000000000000000        0xc Core/src/wigand.o
 .text          0x0000000000000000        0x0 Core/src/wigand.o
 .data          0x0000000000000000        0x0 Core/src/wigand.o
 .bss           0x0000000000000000        0x0 Core/src/wigand.o
 .debug_macro   0x0000000000000000      0xa60 Core/src/wigand.o
 .debug_macro   0x0000000000000000       0x2e Core/src/wigand.o
 .debug_macro   0x0000000000000000       0x22 Core/src/wigand.o
 .debug_macro   0x0000000000000000       0x22 Core/src/wigand.o
 .debug_macro   0x0000000000000000       0x8e Core/src/wigand.o
 .debug_macro   0x0000000000000000       0x51 Core/src/wigand.o
 .debug_macro   0x0000000000000000       0xef Core/src/wigand.o
 .debug_macro   0x0000000000000000       0x6a Core/src/wigand.o
 .debug_macro   0x0000000000000000      0x1df Core/src/wigand.o
 .debug_macro   0x0000000000000000       0x1c Core/src/wigand.o
 .debug_macro   0x0000000000000000       0x22 Core/src/wigand.o
 .debug_macro   0x0000000000000000       0xc3 Core/src/wigand.o
 .debug_macro   0x0000000000000000      0xd23 Core/src/wigand.o
 .debug_macro   0x0000000000000000     0xe09e Core/src/wigand.o
 .debug_macro   0x0000000000000000       0x43 Core/src/wigand.o
 .text          0x0000000000000000       0x14 Startup/startup_stm32f103xb.o
 .data          0x0000000000000000        0x0 Startup/startup_stm32f103xb.o
 .bss           0x0000000000000000        0x0 Startup/startup_stm32f103xb.o
 .text          0x0000000000000000        0x0 c:/st/stm32cubeide_1.3.0/stm32cubeide/plugins/com.st.stm32cube.ide.mcu.externaltools.gnu-tools-for-stm32.7-2018-q2-update.win32_1.0.0.201904181610/tools/bin/../lib/gcc/arm-none-eabi/7.3.1/../../../../arm-none-eabi/lib/thumb/v7-m\libc_nano.a(lib_a-exit.o)
 .data          0x0000000000000000        0x0 c:/st/stm32cubeide_1.3.0/stm32cubeide/plugins/com.st.stm32cube.ide.mcu.externaltools.gnu-tools-for-stm32.7-2018-q2-update.win32_1.0.0.201904181610/tools/bin/../lib/gcc/arm-none-eabi/7.3.1/../../../../arm-none-eabi/lib/thumb/v7-m\libc_nano.a(lib_a-exit.o)
 .bss           0x0000000000000000        0x0 c:/st/stm32cubeide_1.3.0/stm32cubeide/plugins/com.st.stm32cube.ide.mcu.externaltools.gnu-tools-for-stm32.7-2018-q2-update.win32_1.0.0.201904181610/tools/bin/../lib/gcc/arm-none-eabi/7.3.1/../../../../arm-none-eabi/lib/thumb/v7-m\libc_nano.a(lib_a-exit.o)
 .text.exit     0x0000000000000000       0x28 c:/st/stm32cubeide_1.3.0/stm32cubeide/plugins/com.st.stm32cube.ide.mcu.externaltools.gnu-tools-for-stm32.7-2018-q2-update.win32_1.0.0.201904181610/tools/bin/../lib/gcc/arm-none-eabi/7.3.1/../../../../arm-none-eabi/lib/thumb/v7-m\libc_nano.a(lib_a-exit.o)
 .debug_frame   0x0000000000000000       0x28 c:/st/stm32cubeide_1.3.0/stm32cubeide/plugins/com.st.stm32cube.ide.mcu.externaltools.gnu-tools-for-stm32.7-2018-q2-update.win32_1.0.0.201904181610/tools/bin/../lib/gcc/arm-none-eabi/7.3.1/../../../../arm-none-eabi/lib/thumb/v7-m\libc_nano.a(lib_a-exit.o)
 .ARM.attributes
                0x0000000000000000       0x2d c:/st/stm32cubeide_1.3.0/stm32cubeide/plugins/com.st.stm32cube.ide.mcu.externaltools.gnu-tools-for-stm32.7-2018-q2-update.win32_1.0.0.201904181610/tools/bin/../lib/gcc/arm-none-eabi/7.3.1/../../../../arm-none-eabi/lib/thumb/v7-m\libc_nano.a(lib_a-exit.o)
 .text          0x0000000000000000        0x0 c:/st/stm32cubeide_1.3.0/stm32cubeide/plugins/com.st.stm32cube.ide.mcu.externaltools.gnu-tools-for-stm32.7-2018-q2-update.win32_1.0.0.201904181610/tools/bin/../lib/gcc/arm-none-eabi/7.3.1/../../../../arm-none-eabi/lib/thumb/v7-m\libc_nano.a(lib_a-impure.o)
 .data          0x0000000000000000        0x0 c:/st/stm32cubeide_1.3.0/stm32cubeide/plugins/com.st.stm32cube.ide.mcu.externaltools.gnu-tools-for-stm32.7-2018-q2-update.win32_1.0.0.201904181610/tools/bin/../lib/gcc/arm-none-eabi/7.3.1/../../../../arm-none-eabi/lib/thumb/v7-m\libc_nano.a(lib_a-impure.o)
 .bss           0x0000000000000000        0x0 c:/st/stm32cubeide_1.3.0/stm32cubeide/plugins/com.st.stm32cube.ide.mcu.externaltools.gnu-tools-for-stm32.7-2018-q2-update.win32_1.0.0.201904181610/tools/bin/../lib/gcc/arm-none-eabi/7.3.1/../../../../arm-none-eabi/lib/thumb/v7-m\libc_nano.a(lib_a-impure.o)
 .data._impure_ptr
                0x0000000000000000        0x4 c:/st/stm32cubeide_1.3.0/stm32cubeide/plugins/com.st.stm32cube.ide.mcu.externaltools.gnu-tools-for-stm32.7-2018-q2-update.win32_1.0.0.201904181610/tools/bin/../lib/gcc/arm-none-eabi/7.3.1/../../../../arm-none-eabi/lib/thumb/v7-m\libc_nano.a(lib_a-impure.o)
 .data.impure_data
                0x0000000000000000       0x60 c:/st/stm32cubeide_1.3.0/stm32cubeide/plugins/com.st.stm32cube.ide.mcu.externaltools.gnu-tools-for-stm32.7-2018-q2-update.win32_1.0.0.201904181610/tools/bin/../lib/gcc/arm-none-eabi/7.3.1/../../../../arm-none-eabi/lib/thumb/v7-m\libc_nano.a(lib_a-impure.o)
 .rodata._global_impure_ptr
                0x0000000000000000        0x4 c:/st/stm32cubeide_1.3.0/stm32cubeide/plugins/com.st.stm32cube.ide.mcu.externaltools.gnu-tools-for-stm32.7-2018-q2-update.win32_1.0.0.201904181610/tools/bin/../lib/gcc/arm-none-eabi/7.3.1/../../../../arm-none-eabi/lib/thumb/v7-m\libc_nano.a(lib_a-impure.o)
 .ARM.attributes
                0x0000000000000000       0x2d c:/st/stm32cubeide_1.3.0/stm32cubeide/plugins/com.st.stm32cube.ide.mcu.externaltools.gnu-tools-for-stm32.7-2018-q2-update.win32_1.0.0.201904181610/tools/bin/../lib/gcc/arm-none-eabi/7.3.1/../../../../arm-none-eabi/lib/thumb/v7-m\libc_nano.a(lib_a-impure.o)
 .text          0x0000000000000000        0x0 c:/st/stm32cubeide_1.3.0/stm32cubeide/plugins/com.st.stm32cube.ide.mcu.externaltools.gnu-tools-for-stm32.7-2018-q2-update.win32_1.0.0.201904181610/tools/bin/../lib/gcc/arm-none-eabi/7.3.1/../../../../arm-none-eabi/lib/thumb/v7-m\libc_nano.a(lib_a-init.o)
 .data          0x0000000000000000        0x0 c:/st/stm32cubeide_1.3.0/stm32cubeide/plugins/com.st.stm32cube.ide.mcu.externaltools.gnu-tools-for-stm32.7-2018-q2-update.win32_1.0.0.201904181610/tools/bin/../lib/gcc/arm-none-eabi/7.3.1/../../../../arm-none-eabi/lib/thumb/v7-m\libc_nano.a(lib_a-init.o)
 .bss           0x0000000000000000        0x0 c:/st/stm32cubeide_1.3.0/stm32cubeide/plugins/com.st.stm32cube.ide.mcu.externaltools.gnu-tools-for-stm32.7-2018-q2-update.win32_1.0.0.201904181610/tools/bin/../lib/gcc/arm-none-eabi/7.3.1/../../../../arm-none-eabi/lib/thumb/v7-m\libc_nano.a(lib_a-init.o)
 .text          0x0000000000000000        0x0 c:/st/stm32cubeide_1.3.0/stm32cubeide/plugins/com.st.stm32cube.ide.mcu.externaltools.gnu-tools-for-stm32.7-2018-q2-update.win32_1.0.0.201904181610/tools/bin/../lib/gcc/arm-none-eabi/7.3.1/../../../../arm-none-eabi/lib/thumb/v7-m\libc_nano.a(lib_a-memset.o)
 .data          0x0000000000000000        0x0 c:/st/stm32cubeide_1.3.0/stm32cubeide/plugins/com.st.stm32cube.ide.mcu.externaltools.gnu-tools-for-stm32.7-2018-q2-update.win32_1.0.0.201904181610/tools/bin/../lib/gcc/arm-none-eabi/7.3.1/../../../../arm-none-eabi/lib/thumb/v7-m\libc_nano.a(lib_a-memset.o)
 .bss           0x0000000000000000        0x0 c:/st/stm32cubeide_1.3.0/stm32cubeide/plugins/com.st.stm32cube.ide.mcu.externaltools.gnu-tools-for-stm32.7-2018-q2-update.win32_1.0.0.201904181610/tools/bin/../lib/gcc/arm-none-eabi/7.3.1/../../../../arm-none-eabi/lib/thumb/v7-m\libc_nano.a(lib_a-memset.o)
 .text.memset   0x0000000000000000       0x10 c:/st/stm32cubeide_1.3.0/stm32cubeide/plugins/com.st.stm32cube.ide.mcu.externaltools.gnu-tools-for-stm32.7-2018-q2-update.win32_1.0.0.201904181610/tools/bin/../lib/gcc/arm-none-eabi/7.3.1/../../../../arm-none-eabi/lib/thumb/v7-m\libc_nano.a(lib_a-memset.o)
 .debug_frame   0x0000000000000000       0x20 c:/st/stm32cubeide_1.3.0/stm32cubeide/plugins/com.st.stm32cube.ide.mcu.externaltools.gnu-tools-for-stm32.7-2018-q2-update.win32_1.0.0.201904181610/tools/bin/../lib/gcc/arm-none-eabi/7.3.1/../../../../arm-none-eabi/lib/thumb/v7-m\libc_nano.a(lib_a-memset.o)
 .ARM.attributes
                0x0000000000000000       0x2d c:/st/stm32cubeide_1.3.0/stm32cubeide/plugins/com.st.stm32cube.ide.mcu.externaltools.gnu-tools-for-stm32.7-2018-q2-update.win32_1.0.0.201904181610/tools/bin/../lib/gcc/arm-none-eabi/7.3.1/../../../../arm-none-eabi/lib/thumb/v7-m\libc_nano.a(lib_a-memset.o)
 .text          0x0000000000000000        0x0 c:/st/stm32cubeide_1.3.0/stm32cubeide/plugins/com.st.stm32cube.ide.mcu.externaltools.gnu-tools-for-stm32.7-2018-q2-update.win32_1.0.0.201904181610/tools/bin/../lib/gcc/arm-none-eabi/7.3.1/../../../../arm-none-eabi/lib/thumb/v7-m\libnosys.a(_exit.o)
 .data          0x0000000000000000        0x0 c:/st/stm32cubeide_1.3.0/stm32cubeide/plugins/com.st.stm32cube.ide.mcu.externaltools.gnu-tools-for-stm32.7-2018-q2-update.win32_1.0.0.201904181610/tools/bin/../lib/gcc/arm-none-eabi/7.3.1/../../../../arm-none-eabi/lib/thumb/v7-m\libnosys.a(_exit.o)
 .bss           0x0000000000000000        0x0 c:/st/stm32cubeide_1.3.0/stm32cubeide/plugins/com.st.stm32cube.ide.mcu.externaltools.gnu-tools-for-stm32.7-2018-q2-update.win32_1.0.0.201904181610/tools/bin/../lib/gcc/arm-none-eabi/7.3.1/../../../../arm-none-eabi/lib/thumb/v7-m\libnosys.a(_exit.o)
 .text._exit    0x0000000000000000        0x2 c:/st/stm32cubeide_1.3.0/stm32cubeide/plugins/com.st.stm32cube.ide.mcu.externaltools.gnu-tools-for-stm32.7-2018-q2-update.win32_1.0.0.201904181610/tools/bin/../lib/gcc/arm-none-eabi/7.3.1/../../../../arm-none-eabi/lib/thumb/v7-m\libnosys.a(_exit.o)
 .debug_frame   0x0000000000000000       0x20 c:/st/stm32cubeide_1.3.0/stm32cubeide/plugins/com.st.stm32cube.ide.mcu.externaltools.gnu-tools-for-stm32.7-2018-q2-update.win32_1.0.0.201904181610/tools/bin/../lib/gcc/arm-none-eabi/7.3.1/../../../../arm-none-eabi/lib/thumb/v7-m\libnosys.a(_exit.o)
 .ARM.attributes
                0x0000000000000000       0x2d c:/st/stm32cubeide_1.3.0/stm32cubeide/plugins/com.st.stm32cube.ide.mcu.externaltools.gnu-tools-for-stm32.7-2018-q2-update.win32_1.0.0.201904181610/tools/bin/../lib/gcc/arm-none-eabi/7.3.1/../../../../arm-none-eabi/lib/thumb/v7-m\libnosys.a(_exit.o)
 .text          0x0000000000000000        0x0 c:/st/stm32cubeide_1.3.0/stm32cubeide/plugins/com.st.stm32cube.ide.mcu.externaltools.gnu-tools-for-stm32.7-2018-q2-update.win32_1.0.0.201904181610/tools/bin/../lib/gcc/arm-none-eabi/7.3.1/thumb/v7-m/crtend.o
 .data          0x0000000000000000        0x0 c:/st/stm32cubeide_1.3.0/stm32cubeide/plugins/com.st.stm32cube.ide.mcu.externaltools.gnu-tools-for-stm32.7-2018-q2-update.win32_1.0.0.201904181610/tools/bin/../lib/gcc/arm-none-eabi/7.3.1/thumb/v7-m/crtend.o
 .bss           0x0000000000000000        0x0 c:/st/stm32cubeide_1.3.0/stm32cubeide/plugins/com.st.stm32cube.ide.mcu.externaltools.gnu-tools-for-stm32.7-2018-q2-update.win32_1.0.0.201904181610/tools/bin/../lib/gcc/arm-none-eabi/7.3.1/thumb/v7-m/crtend.o
 .eh_frame      0x0000000000000000        0x4 c:/st/stm32cubeide_1.3.0/stm32cubeide/plugins/com.st.stm32cube.ide.mcu.externaltools.gnu-tools-for-stm32.7-2018-q2-update.win32_1.0.0.201904181610/tools/bin/../lib/gcc/arm-none-eabi/7.3.1/thumb/v7-m/crtend.o
 .ARM.attributes
                0x0000000000000000       0x2d c:/st/stm32cubeide_1.3.0/stm32cubeide/plugins/com.st.stm32cube.ide.mcu.externaltools.gnu-tools-for-stm32.7-2018-q2-update.win32_1.0.0.201904181610/tools/bin/../lib/gcc/arm-none-eabi/7.3.1/thumb/v7-m/crtend.o
 .text          0x0000000000000000        0x0 c:/st/stm32cubeide_1.3.0/stm32cubeide/plugins/com.st.stm32cube.ide.mcu.externaltools.gnu-tools-for-stm32.7-2018-q2-update.win32_1.0.0.201904181610/tools/bin/../lib/gcc/arm-none-eabi/7.3.1/thumb/v7-m/crtn.o
 .data          0x0000000000000000        0x0 c:/st/stm32cubeide_1.3.0/stm32cubeide/plugins/com.st.stm32cube.ide.mcu.externaltools.gnu-tools-for-stm32.7-2018-q2-update.win32_1.0.0.201904181610/tools/bin/../lib/gcc/arm-none-eabi/7.3.1/thumb/v7-m/crtn.o
 .bss           0x0000000000000000        0x0 c:/st/stm32cubeide_1.3.0/stm32cubeide/plugins/com.st.stm32cube.ide.mcu.externaltools.gnu-tools-for-stm32.7-2018-q2-update.win32_1.0.0.201904181610/tools/bin/../lib/gcc/arm-none-eabi/7.3.1/thumb/v7-m/crtn.o

Memory Configuration

Name             Origin             Length             Attributes
RAM              0x0000000020000000 0x0000000000005000 xrw
ROM              0x0000000008000000 0x0000000000020000 xr
*default*        0x0000000000000000 0xffffffffffffffff

Linker script and memory map

LOAD c:/st/stm32cubeide_1.3.0/stm32cubeide/plugins/com.st.stm32cube.ide.mcu.externaltools.gnu-tools-for-stm32.7-2018-q2-update.win32_1.0.0.201904181610/tools/bin/../lib/gcc/arm-none-eabi/7.3.1/thumb/v7-m/crti.o
LOAD c:/st/stm32cubeide_1.3.0/stm32cubeide/plugins/com.st.stm32cube.ide.mcu.externaltools.gnu-tools-for-stm32.7-2018-q2-update.win32_1.0.0.201904181610/tools/bin/../lib/gcc/arm-none-eabi/7.3.1/thumb/v7-m/crtbegin.o
LOAD c:/st/stm32cubeide_1.3.0/stm32cubeide/plugins/com.st.stm32cube.ide.mcu.externaltools.gnu-tools-for-stm32.7-2018-q2-update.win32_1.0.0.201904181610/tools/bin/../lib/gcc/arm-none-eabi/7.3.1/../../../../arm-none-eabi/lib/thumb/v7-m/crt0.o
LOAD CMSIS/src/system_stm32f1xx.o
LOAD Core/src/gpio.o
LOAD Core/src/main.o
LOAD Core/src/rcc.o
LOAD Core/src/tim.o
LOAD Core/src/wigand.o
LOAD Startup/startup_stm32f103xb.o
START GROUP
LOAD c:/st/stm32cubeide_1.3.0/stm32cubeide/plugins/com.st.stm32cube.ide.mcu.externaltools.gnu-tools-for-stm32.7-2018-q2-update.win32_1.0.0.201904181610/tools/bin/../lib/gcc/arm-none-eabi/7.3.1/../../../../arm-none-eabi/lib/thumb/v7-m\libc_nano.a
LOAD c:/st/stm32cubeide_1.3.0/stm32cubeide/plugins/com.st.stm32cube.ide.mcu.externaltools.gnu-tools-for-stm32.7-2018-q2-update.win32_1.0.0.201904181610/tools/bin/../lib/gcc/arm-none-eabi/7.3.1/../../../../arm-none-eabi/lib/thumb/v7-m\libm.a
END GROUP
START GROUP
LOAD c:/st/stm32cubeide_1.3.0/stm32cubeide/plugins/com.st.stm32cube.ide.mcu.externaltools.gnu-tools-for-stm32.7-2018-q2-update.win32_1.0.0.201904181610/tools/bin/../lib/gcc/arm-none-eabi/7.3.1/thumb/v7-m\libgcc.a
LOAD c:/st/stm32cubeide_1.3.0/stm32cubeide/plugins/com.st.stm32cube.ide.mcu.externaltools.gnu-tools-for-stm32.7-2018-q2-update.win32_1.0.0.201904181610/tools/bin/../lib/gcc/arm-none-eabi/7.3.1/../../../../arm-none-eabi/lib/thumb/v7-m\libc_nano.a
END GROUP
START GROUP
LOAD c:/st/stm32cubeide_1.3.0/stm32cubeide/plugins/com.st.stm32cube.ide.mcu.externaltools.gnu-tools-for-stm32.7-2018-q2-update.win32_1.0.0.201904181610/tools/bin/../lib/gcc/arm-none-eabi/7.3.1/thumb/v7-m\libgcc.a
LOAD c:/st/stm32cubeide_1.3.0/stm32cubeide/plugins/com.st.stm32cube.ide.mcu.externaltools.gnu-tools-for-stm32.7-2018-q2-update.win32_1.0.0.201904181610/tools/bin/../lib/gcc/arm-none-eabi/7.3.1/../../../../arm-none-eabi/lib/thumb/v7-m\libc_nano.a
LOAD c:/st/stm32cubeide_1.3.0/stm32cubeide/plugins/com.st.stm32cube.ide.mcu.externaltools.gnu-tools-for-stm32.7-2018-q2-update.win32_1.0.0.201904181610/tools/bin/../lib/gcc/arm-none-eabi/7.3.1/../../../../arm-none-eabi/lib/thumb/v7-m\libnosys.a
END GROUP
START GROUP
LOAD c:/st/stm32cubeide_1.3.0/stm32cubeide/plugins/com.st.stm32cube.ide.mcu.externaltools.gnu-tools-for-stm32.7-2018-q2-update.win32_1.0.0.201904181610/tools/bin/../lib/gcc/arm-none-eabi/7.3.1/thumb/v7-m\libgcc.a
LOAD c:/st/stm32cubeide_1.3.0/stm32cubeide/plugins/com.st.stm32cube.ide.mcu.externaltools.gnu-tools-for-stm32.7-2018-q2-update.win32_1.0.0.201904181610/tools/bin/../lib/gcc/arm-none-eabi/7.3.1/../../../../arm-none-eabi/lib/thumb/v7-m\libc_nano.a
LOAD c:/st/stm32cubeide_1.3.0/stm32cubeide/plugins/com.st.stm32cube.ide.mcu.externaltools.gnu-tools-for-stm32.7-2018-q2-update.win32_1.0.0.201904181610/tools/bin/../lib/gcc/arm-none-eabi/7.3.1/../../../../arm-none-eabi/lib/thumb/v7-m\libnosys.a
END GROUP
LOAD c:/st/stm32cubeide_1.3.0/stm32cubeide/plugins/com.st.stm32cube.ide.mcu.externaltools.gnu-tools-for-stm32.7-2018-q2-update.win32_1.0.0.201904181610/tools/bin/../lib/gcc/arm-none-eabi/7.3.1/thumb/v7-m/crtend.o
LOAD c:/st/stm32cubeide_1.3.0/stm32cubeide/plugins/com.st.stm32cube.ide.mcu.externaltools.gnu-tools-for-stm32.7-2018-q2-update.win32_1.0.0.201904181610/tools/bin/../lib/gcc/arm-none-eabi/7.3.1/thumb/v7-m/crtn.o
                0x0000000020005000                _estack = (ORIGIN (RAM) + LENGTH (RAM))
                0x0000000000000200                _Min_Heap_Size = 0x200
                0x0000000000000400                _Min_Stack_Size = 0x400

.isr_vector     0x0000000008000000      0x10c
                0x0000000008000000                . = ALIGN (0x4)
 *(.isr_vector)
 .isr_vector    0x0000000008000000      0x10c Startup/startup_stm32f103xb.o
                0x0000000008000000                g_pfnVectors
                0x000000000800010c                . = ALIGN (0x4)

.text           0x000000000800010c      0x95c
                0x000000000800010c                . = ALIGN (0x4)
 *(.text)
 .text          0x000000000800010c       0x40 c:/st/stm32cubeide_1.3.0/stm32cubeide/plugins/com.st.stm32cube.ide.mcu.externaltools.gnu-tools-for-stm32.7-2018-q2-update.win32_1.0.0.201904181610/tools/bin/../lib/gcc/arm-none-eabi/7.3.1/thumb/v7-m/crtbegin.o
 *(.text*)
 .text.SystemInit
                0x000000000800014c       0x68 CMSIS/src/system_stm32f1xx.o
                0x000000000800014c                SystemInit
 .text.SystemCoreClockUpdate
                0x00000000080001b4       0xd8 CMSIS/src/system_stm32f1xx.o
                0x00000000080001b4                SystemCoreClockUpdate
 .text.__NVIC_GetPriorityGrouping
                0x000000000800028c       0x1c Core/src/gpio.o
 .text.__NVIC_EnableIRQ
                0x00000000080002a8       0x38 Core/src/gpio.o
 .text.__NVIC_SetPriority
                0x00000000080002e0       0x54 Core/src/gpio.o
 .text.NVIC_EncodePriority
                0x0000000008000334       0x64 Core/src/gpio.o
 .text.Gpio_Init
                0x0000000008000398       0xd8 Core/src/gpio.o
                0x0000000008000398                Gpio_Init
 .text.main     0x0000000008000470       0x16 Core/src/main.o
                0x0000000008000470                main
 *fill*         0x0000000008000486        0x2 
 .text.TIM1_UP_IRQHandler
                0x0000000008000488       0x44 Core/src/main.o
                0x0000000008000488                TIM1_UP_IRQHandler
 .text.EXTI2_IRQHandler
                0x00000000080004cc       0x24 Core/src/main.o
                0x00000000080004cc                EXTI2_IRQHandler
 .text.EXTI3_IRQHandler
                0x00000000080004f0       0x24 Core/src/main.o
                0x00000000080004f0                EXTI3_IRQHandler
 .text.__NVIC_SetPriority
                0x0000000008000514       0x54 Core/src/rcc.o
 .text.SysTick_Config
                0x0000000008000568       0x44 Core/src/rcc.o
 .text.Rcc_Init
                0x00000000080005ac      0x124 Core/src/rcc.o
                0x00000000080005ac                Rcc_Init
 .text.__NVIC_GetPriorityGrouping
                0x00000000080006d0       0x1c Core/src/tim.o
 .text.__NVIC_EnableIRQ
                0x00000000080006ec       0x38 Core/src/tim.o
 .text.__NVIC_SetPriority
                0x0000000008000724       0x54 Core/src/tim.o
 .text.NVIC_EncodePriority
                0x0000000008000778       0x64 Core/src/tim.o
 .text.Timer_Init
                0x00000000080007dc       0xc4 Core/src/tim.o
                0x00000000080007dc                Timer_Init
 .text.SysTick_Handler
                0x00000000080008a0       0x1c Core/src/tim.o
                0x00000000080008a0                SysTick_Handler
 .text.BitRecive
                0x00000000080008bc       0x78 Core/src/wigand.o
                0x00000000080008bc                BitRecive
 .text.BitePackageWaiting
                0x0000000008000934       0x2c Core/src/wigand.o
                0x0000000008000934                BitePackageWaiting
 .text.WigandTapeCheck
                0x0000000008000960       0x30 Core/src/wigand.o
                0x0000000008000960                WigandTapeCheck
 .text.WigandProcessing
                0x0000000008000990       0x20 Core/src/wigand.o
                0x0000000008000990                WigandProcessing
 .text.WigandTapeCheck_Error_Handler
                0x00000000080009b0        0xc Core/src/wigand.o
                0x00000000080009b0                WigandTapeCheck_Error_Handler
 .text.Reset_Handler
                0x00000000080009bc       0x48 Startup/startup_stm32f103xb.o
                0x00000000080009bc                Reset_Handler
 .text.Default_Handler
                0x0000000008000a04        0x2 Startup/startup_stm32f103xb.o
                0x0000000008000a04                RTC_Alarm_IRQHandler
                0x0000000008000a04                DebugMon_Handler
                0x0000000008000a04                TIM1_CC_IRQHandler
                0x0000000008000a04                HardFault_Handler
                0x0000000008000a04                PVD_IRQHandler
                0x0000000008000a04                PendSV_Handler
                0x0000000008000a04                NMI_Handler
                0x0000000008000a04                EXTI0_IRQHandler
                0x0000000008000a04                I2C2_EV_IRQHandler
                0x0000000008000a04                UsageFault_Handler
                0x0000000008000a04                ADC1_2_IRQHandler
                0x0000000008000a04                SPI1_IRQHandler
                0x0000000008000a04                TAMPER_IRQHandler
                0x0000000008000a04                DMA1_Channel4_IRQHandler
                0x0000000008000a04                USART3_IRQHandler
                0x0000000008000a04                RTC_IRQHandler
                0x0000000008000a04                DMA1_Channel7_IRQHandler
                0x0000000008000a04                CAN1_RX1_IRQHandler
                0x0000000008000a04                TIM4_IRQHandler
                0x0000000008000a04                I2C1_EV_IRQHandler
                0x0000000008000a04                DMA1_Channel6_IRQHandler
                0x0000000008000a04                TIM3_IRQHandler
                0x0000000008000a04                RCC_IRQHandler
                0x0000000008000a04                TIM1_TRG_COM_IRQHandler
                0x0000000008000a04                DMA1_Channel1_IRQHandler
                0x0000000008000a04                Default_Handler
                0x0000000008000a04                EXTI15_10_IRQHandler
                0x0000000008000a04                EXTI9_5_IRQHandler
                0x0000000008000a04                SPI2_IRQHandler
                0x0000000008000a04                MemManage_Handler
                0x0000000008000a04                SVC_Handler
                0x0000000008000a04                DMA1_Channel5_IRQHandler
                0x0000000008000a04                EXTI4_IRQHandler
                0x0000000008000a04                USB_LP_CAN1_RX0_IRQHandler
                0x0000000008000a04                USB_HP_CAN1_TX_IRQHandler
                0x0000000008000a04                DMA1_Channel3_IRQHandler
                0x0000000008000a04                WWDG_IRQHandler
                0x0000000008000a04                TIM2_IRQHandler
                0x0000000008000a04                TIM1_BRK_IRQHandler
                0x0000000008000a04                EXTI1_IRQHandler
                0x0000000008000a04                USART2_IRQHandler
                0x0000000008000a04                I2C2_ER_IRQHandler
                0x0000000008000a04                DMA1_Channel2_IRQHandler
                0x0000000008000a04                CAN1_SCE_IRQHandler
                0x0000000008000a04                FLASH_IRQHandler
                0x0000000008000a04                BusFault_Handler
                0x0000000008000a04                USART1_IRQHandler
                0x0000000008000a04                I2C1_ER_IRQHandler
                0x0000000008000a04                USBWakeUp_IRQHandler
 *fill*         0x0000000008000a06        0x2 
 .text.__libc_init_array
                0x0000000008000a08       0x48 c:/st/stm32cubeide_1.3.0/stm32cubeide/plugins/com.st.stm32cube.ide.mcu.externaltools.gnu-tools-for-stm32.7-2018-q2-update.win32_1.0.0.201904181610/tools/bin/../lib/gcc/arm-none-eabi/7.3.1/../../../../arm-none-eabi/lib/thumb/v7-m\libc_nano.a(lib_a-init.o)
                0x0000000008000a08                __libc_init_array
 *(.glue_7)
 .glue_7        0x0000000008000a50        0x0 linker stubs
 *(.glue_7t)
 .glue_7t       0x0000000008000a50        0x0 linker stubs
 *(.eh_frame)
 .eh_frame      0x0000000008000a50        0x0 c:/st/stm32cubeide_1.3.0/stm32cubeide/plugins/com.st.stm32cube.ide.mcu.externaltools.gnu-tools-for-stm32.7-2018-q2-update.win32_1.0.0.201904181610/tools/bin/../lib/gcc/arm-none-eabi/7.3.1/thumb/v7-m/crtbegin.o
 *(.init)
 .init          0x0000000008000a50        0x4 c:/st/stm32cubeide_1.3.0/stm32cubeide/plugins/com.st.stm32cube.ide.mcu.externaltools.gnu-tools-for-stm32.7-2018-q2-update.win32_1.0.0.201904181610/tools/bin/../lib/gcc/arm-none-eabi/7.3.1/thumb/v7-m/crti.o
                0x0000000008000a50                _init
 .init          0x0000000008000a54        0x8 c:/st/stm32cubeide_1.3.0/stm32cubeide/plugins/com.st.stm32cube.ide.mcu.externaltools.gnu-tools-for-stm32.7-2018-q2-update.win32_1.0.0.201904181610/tools/bin/../lib/gcc/arm-none-eabi/7.3.1/thumb/v7-m/crtn.o
 *(.fini)
 .fini          0x0000000008000a5c        0x4 c:/st/stm32cubeide_1.3.0/stm32cubeide/plugins/com.st.stm32cube.ide.mcu.externaltools.gnu-tools-for-stm32.7-2018-q2-update.win32_1.0.0.201904181610/tools/bin/../lib/gcc/arm-none-eabi/7.3.1/thumb/v7-m/crti.o
                0x0000000008000a5c                _fini
 .fini          0x0000000008000a60        0x8 c:/st/stm32cubeide_1.3.0/stm32cubeide/plugins/com.st.stm32cube.ide.mcu.externaltools.gnu-tools-for-stm32.7-2018-q2-update.win32_1.0.0.201904181610/tools/bin/../lib/gcc/arm-none-eabi/7.3.1/thumb/v7-m/crtn.o
                0x0000000008000a68                . = ALIGN (0x4)
                0x0000000008000a68                _etext = .

.vfp11_veneer   0x0000000008000a68        0x0
 .vfp11_veneer  0x0000000008000a68        0x0 linker stubs

.v4_bx          0x0000000008000a68        0x0
 .v4_bx         0x0000000008000a68        0x0 linker stubs

.iplt           0x0000000008000a68        0x0
 .iplt          0x0000000008000a68        0x0 c:/st/stm32cubeide_1.3.0/stm32cubeide/plugins/com.st.stm32cube.ide.mcu.externaltools.gnu-tools-for-stm32.7-2018-q2-update.win32_1.0.0.201904181610/tools/bin/../lib/gcc/arm-none-eabi/7.3.1/thumb/v7-m/crtbegin.o

.rodata         0x0000000008000a68       0x10
                0x0000000008000a68                . = ALIGN (0x4)
 *(.rodata)
 *(.rodata*)
 .rodata.AHBPrescTable
                0x0000000008000a68       0x10 CMSIS/src/system_stm32f1xx.o
                0x0000000008000a68                AHBPrescTable
                0x0000000008000a78                . = ALIGN (0x4)

.rel.dyn        0x0000000008000a78        0x0
 .rel.iplt      0x0000000008000a78        0x0 c:/st/stm32cubeide_1.3.0/stm32cubeide/plugins/com.st.stm32cube.ide.mcu.externaltools.gnu-tools-for-stm32.7-2018-q2-update.win32_1.0.0.201904181610/tools/bin/../lib/gcc/arm-none-eabi/7.3.1/thumb/v7-m/crtbegin.o

.ARM.extab      0x0000000008000a78        0x0
                0x0000000008000a78                . = ALIGN (0x4)
 *(.ARM.extab* .gnu.linkonce.armextab.*)
                0x0000000008000a78                . = ALIGN (0x4)

.ARM            0x0000000008000a78        0x0
                0x0000000008000a78                . = ALIGN (0x4)
                0x0000000008000a78                __exidx_start = .
 *(.ARM.exidx*)
                0x0000000008000a78                __exidx_end = .
                0x0000000008000a78                . = ALIGN (0x4)

.preinit_array  0x0000000008000a78        0x0
                0x0000000008000a78                . = ALIGN (0x4)
                0x0000000008000a78                PROVIDE (__preinit_array_start = .)
 *(.preinit_array*)
                0x0000000008000a78                PROVIDE (__preinit_array_end = .)
                0x0000000008000a78                . = ALIGN (0x4)

.init_array     0x0000000008000a78        0x4
                0x0000000008000a78                . = ALIGN (0x4)
                0x0000000008000a78                PROVIDE (__init_array_start = .)
 *(SORT_BY_NAME(.init_array.*))
 *(.init_array*)
 .init_array    0x0000000008000a78        0x4 c:/st/stm32cubeide_1.3.0/stm32cubeide/plugins/com.st.stm32cube.ide.mcu.externaltools.gnu-tools-for-stm32.7-2018-q2-update.win32_1.0.0.201904181610/tools/bin/../lib/gcc/arm-none-eabi/7.3.1/thumb/v7-m/crtbegin.o
                0x0000000008000a7c                PROVIDE (__init_array_end = .)
                0x0000000008000a7c                . = ALIGN (0x4)

.fini_array     0x0000000008000a7c        0x4
                0x0000000008000a7c                . = ALIGN (0x4)
                [!provide]                        PROVIDE (__fini_array_start = .)
 *(SORT_BY_NAME(.fini_array.*))
 *(.fini_array*)
 .fini_array    0x0000000008000a7c        0x4 c:/st/stm32cubeide_1.3.0/stm32cubeide/plugins/com.st.stm32cube.ide.mcu.externaltools.gnu-tools-for-stm32.7-2018-q2-update.win32_1.0.0.201904181610/tools/bin/../lib/gcc/arm-none-eabi/7.3.1/thumb/v7-m/crtbegin.o
                [!provide]                        PROVIDE (__fini_array_end = .)
                0x0000000008000a80                . = ALIGN (0x4)
                0x0000000008000a80                _sidata = LOADADDR (.data)

.data           0x0000000020000000        0x8 load address 0x0000000008000a80
                0x0000000020000000                . = ALIGN (0x4)
                0x0000000020000000                _sdata = .
 *(.data)
 *(.data*)
 .data.SystemCoreClock
                0x0000000020000000        0x4 CMSIS/src/system_stm32f1xx.o
                0x0000000020000000                SystemCoreClock
 .data.vWigandStart
                0x0000000020000004        0x1 Core/src/wigand.o
                0x0000000020000008                . = ALIGN (0x4)
 *fill*         0x0000000020000005        0x3 
                0x0000000020000008                _edata = .

.igot.plt       0x0000000020000008        0x0 load address 0x0000000008000a88
 .igot.plt      0x0000000020000008        0x0 c:/st/stm32cubeide_1.3.0/stm32cubeide/plugins/com.st.stm32cube.ide.mcu.externaltools.gnu-tools-for-stm32.7-2018-q2-update.win32_1.0.0.201904181610/tools/bin/../lib/gcc/arm-none-eabi/7.3.1/thumb/v7-m/crtbegin.o
                0x0000000020000008                . = ALIGN (0x4)

.bss            0x0000000020000008       0x40 load address 0x0000000008000a88
                0x0000000020000008                _sbss = .
                0x0000000020000008                __bss_start__ = _sbss
 *(.bss)
 .bss           0x0000000020000008       0x1c c:/st/stm32cubeide_1.3.0/stm32cubeide/plugins/com.st.stm32cube.ide.mcu.externaltools.gnu-tools-for-stm32.7-2018-q2-update.win32_1.0.0.201904181610/tools/bin/../lib/gcc/arm-none-eabi/7.3.1/thumb/v7-m/crtbegin.o
 *(.bss*)
 .bss.vBitePackageReceipt
                0x0000000020000024        0x1 Core/src/main.o
                0x0000000020000024                vBitePackageReceipt
 .bss.vProcessing
                0x0000000020000025        0x1 Core/src/main.o
                0x0000000020000025                vProcessing
 .bss.vSysInit  0x0000000020000026        0x1 Core/src/main.o
                0x0000000020000026                vSysInit
 *fill*         0x0000000020000027        0x1 
 .bss.vDelayTimerValue
                0x0000000020000028        0x4 Core/src/tim.o
                0x0000000020000028                vDelayTimerValue
 .bss.aWigandBuff
                0x000000002000002c       0x1a Core/src/wigand.o
 .bss.vBuffIndex
                0x0000000020000046        0x1 Core/src/wigand.o
 .bss.vParity   0x0000000020000047        0x1 Core/src/wigand.o
 *(COMMON)
                0x0000000020000048                . = ALIGN (0x4)
                0x0000000020000048                _ebss = .
                0x0000000020000048                __bss_end__ = _ebss

._user_heap_stack
                0x0000000020000048      0x600 load address 0x0000000008000a88
                0x0000000020000048                . = ALIGN (0x8)
                [!provide]                        PROVIDE (end = .)
                [!provide]                        PROVIDE (_end = .)
                0x0000000020000248                . = (. + _Min_Heap_Size)
 *fill*         0x0000000020000048      0x200 
                0x0000000020000648                . = (. + _Min_Stack_Size)
 *fill*         0x0000000020000248      0x400 
                0x0000000020000648                . = ALIGN (0x8)

/DISCARD/
 libc.a(*)
 libm.a(*)
 libgcc.a(*)

.ARM.attributes
                0x0000000000000000       0x29
 *(.ARM.attributes)
 .ARM.attributes
                0x0000000000000000       0x1d c:/st/stm32cubeide_1.3.0/stm32cubeide/plugins/com.st.stm32cube.ide.mcu.externaltools.gnu-tools-for-stm32.7-2018-q2-update.win32_1.0.0.201904181610/tools/bin/../lib/gcc/arm-none-eabi/7.3.1/thumb/v7-m/crti.o
 .ARM.attributes
                0x000000000000001d       0x2d c:/st/stm32cubeide_1.3.0/stm32cubeide/plugins/com.st.stm32cube.ide.mcu.externaltools.gnu-tools-for-stm32.7-2018-q2-update.win32_1.0.0.201904181610/tools/bin/../lib/gcc/arm-none-eabi/7.3.1/thumb/v7-m/crtbegin.o
 .ARM.attributes
                0x000000000000004a       0x33 CMSIS/src/system_stm32f1xx.o
 .ARM.attributes
                0x000000000000007d       0x33 Core/src/gpio.o
 .ARM.attributes
                0x00000000000000b0       0x33 Core/src/main.o
 .ARM.attributes
                0x00000000000000e3       0x33 Core/src/rcc.o
 .ARM.attributes
                0x0000000000000116       0x33 Core/src/tim.o
 .ARM.attributes
                0x0000000000000149       0x33 Core/src/wigand.o
 .ARM.attributes
                0x000000000000017c       0x21 Startup/startup_stm32f103xb.o
 .ARM.attributes
                0x000000000000019d       0x2d c:/st/stm32cubeide_1.3.0/stm32cubeide/plugins/com.st.stm32cube.ide.mcu.externaltools.gnu-tools-for-stm32.7-2018-q2-update.win32_1.0.0.201904181610/tools/bin/../lib/gcc/arm-none-eabi/7.3.1/../../../../arm-none-eabi/lib/thumb/v7-m\libc_nano.a(lib_a-init.o)
 .ARM.attributes
                0x00000000000001ca       0x1d c:/st/stm32cubeide_1.3.0/stm32cubeide/plugins/com.st.stm32cube.ide.mcu.externaltools.gnu-tools-for-stm32.7-2018-q2-update.win32_1.0.0.201904181610/tools/bin/../lib/gcc/arm-none-eabi/7.3.1/thumb/v7-m/crtn.o
OUTPUT(STM32F103RBt6_CMSIS_Tamplate.elf elf32-littlearm)

.debug_info     0x0000000000000000     0x220c
 .debug_info    0x0000000000000000      0x3e5 CMSIS/src/system_stm32f1xx.o
 .debug_info    0x00000000000003e5      0x811 Core/src/gpio.o
 .debug_info    0x0000000000000bf6      0x387 Core/src/main.o
 .debug_info    0x0000000000000f7d      0x718 Core/src/rcc.o
 .debug_info    0x0000000000001695      0x83c Core/src/tim.o
 .debug_info    0x0000000000001ed1      0x319 Core/src/wigand.o
 .debug_info    0x00000000000021ea       0x22 Startup/startup_stm32f103xb.o

.debug_abbrev   0x0000000000000000      0x8a2
 .debug_abbrev  0x0000000000000000      0x134 CMSIS/src/system_stm32f1xx.o
 .debug_abbrev  0x0000000000000134      0x19c Core/src/gpio.o
 .debug_abbrev  0x00000000000002d0      0x12b Core/src/main.o
 .debug_abbrev  0x00000000000003fb      0x173 Core/src/rcc.o
 .debug_abbrev  0x000000000000056e      0x1ee Core/src/tim.o
 .debug_abbrev  0x000000000000075c      0x134 Core/src/wigand.o
 .debug_abbrev  0x0000000000000890       0x12 Startup/startup_stm32f103xb.o

.debug_aranges  0x0000000000000000      0x188
 .debug_aranges
                0x0000000000000000       0x28 CMSIS/src/system_stm32f1xx.o
 .debug_aranges
                0x0000000000000028       0x40 Core/src/gpio.o
 .debug_aranges
                0x0000000000000068       0x38 Core/src/main.o
 .debug_aranges
                0x00000000000000a0       0x30 Core/src/rcc.o
 .debug_aranges
                0x00000000000000d0       0x50 Core/src/tim.o
 .debug_aranges
                0x0000000000000120       0x40 Core/src/wigand.o
 .debug_aranges
                0x0000000000000160       0x28 Startup/startup_stm32f103xb.o

.debug_ranges   0x0000000000000000      0x120
 .debug_ranges  0x0000000000000000       0x18 CMSIS/src/system_stm32f1xx.o
 .debug_ranges  0x0000000000000018       0x30 Core/src/gpio.o
 .debug_ranges  0x0000000000000048       0x28 Core/src/main.o
 .debug_ranges  0x0000000000000070       0x20 Core/src/rcc.o
 .debug_ranges  0x0000000000000090       0x40 Core/src/tim.o
 .debug_ranges  0x00000000000000d0       0x30 Core/src/wigand.o
 .debug_ranges  0x0000000000000100       0x20 Startup/startup_stm32f103xb.o

.debug_macro    0x0000000000000000    0x102dd
 .debug_macro   0x0000000000000000       0xce CMSIS/src/system_stm32f1xx.o
 .debug_macro   0x00000000000000ce      0xa60 CMSIS/src/system_stm32f1xx.o
 .debug_macro   0x0000000000000b2e       0x2e CMSIS/src/system_stm32f1xx.o
 .debug_macro   0x0000000000000b5c       0x22 CMSIS/src/system_stm32f1xx.o
 .debug_macro   0x0000000000000b7e       0x22 CMSIS/src/system_stm32f1xx.o
 .debug_macro   0x0000000000000ba0       0x8e CMSIS/src/system_stm32f1xx.o
 .debug_macro   0x0000000000000c2e       0x51 CMSIS/src/system_stm32f1xx.o
 .debug_macro   0x0000000000000c7f       0xef CMSIS/src/system_stm32f1xx.o
 .debug_macro   0x0000000000000d6e       0x6a CMSIS/src/system_stm32f1xx.o
 .debug_macro   0x0000000000000dd8      0x1df CMSIS/src/system_stm32f1xx.o
 .debug_macro   0x0000000000000fb7       0x1c CMSIS/src/system_stm32f1xx.o
 .debug_macro   0x0000000000000fd3       0x22 CMSIS/src/system_stm32f1xx.o
 .debug_macro   0x0000000000000ff5       0xc3 CMSIS/src/system_stm32f1xx.o
 .debug_macro   0x00000000000010b8      0xd23 CMSIS/src/system_stm32f1xx.o
 .debug_macro   0x0000000000001ddb     0xe09e CMSIS/src/system_stm32f1xx.o
 .debug_macro   0x000000000000fe79       0x43 CMSIS/src/system_stm32f1xx.o
 .debug_macro   0x000000000000febc       0xbc Core/src/gpio.o
 .debug_macro   0x000000000000ff78       0xd4 Core/src/main.o
 .debug_macro   0x000000000001004c       0x22 Core/src/main.o
 .debug_macro   0x000000000001006e       0x10 Core/src/main.o
 .debug_macro   0x000000000001007e       0xbc Core/src/rcc.o
 .debug_macro   0x000000000001013a       0xbc Core/src/tim.o
 .debug_macro   0x00000000000101f6       0xcb Core/src/wigand.o
 .debug_macro   0x00000000000102c1       0x1c Core/src/wigand.o

.debug_line     0x0000000000000000     0x1d0f
 .debug_line    0x0000000000000000      0x488 CMSIS/src/system_stm32f1xx.o
 .debug_line    0x0000000000000488      0x4bf Core/src/gpio.o
 .debug_line    0x0000000000000947      0x4de Core/src/main.o
 .debug_line    0x0000000000000e25      0x496 Core/src/rcc.o
 .debug_line    0x00000000000012bb      0x4ee Core/src/tim.o
 .debug_line    0x00000000000017a9      0x4e9 Core/src/wigand.o
 .debug_line    0x0000000000001c92       0x7d Startup/startup_stm32f103xb.o

.debug_str      0x0000000000000000    0x546db
 .debug_str     0x0000000000000000    0x5406d CMSIS/src/system_stm32f1xx.o
                                      0x5429f (size before relaxing)
 .debug_str     0x000000000005406d      0x3bf Core/src/gpio.o
                                      0x54678 (size before relaxing)
 .debug_str     0x000000000005442c      0x14d Core/src/main.o
                                      0x542e4 (size before relaxing)
 .debug_str     0x0000000000054579       0x71 Core/src/rcc.o
                                      0x545da (size before relaxing)
 .debug_str     0x00000000000545ea       0x4c Core/src/tim.o
                                      0x54694 (size before relaxing)
 .debug_str     0x0000000000054636       0x76 Core/src/wigand.o
                                      0x542d5 (size before relaxing)
 .debug_str     0x00000000000546ac       0x2f Startup/startup_stm32f103xb.o
                                         0x6b (size before relaxing)

.comment        0x0000000000000000       0x7b
 .comment       0x0000000000000000       0x7b CMSIS/src/system_stm32f1xx.o
                                         0x7c (size before relaxing)
 .comment       0x000000000000007b       0x7c Core/src/gpio.o
 .comment       0x000000000000007b       0x7c Core/src/main.o
 .comment       0x000000000000007b       0x7c Core/src/rcc.o
 .comment       0x000000000000007b       0x7c Core/src/tim.o
 .comment       0x000000000000007b       0x7c Core/src/wigand.o

.debug_frame    0x0000000000000000      0x418
 .debug_frame   0x0000000000000000       0x58 CMSIS/src/system_stm32f1xx.o
 .debug_frame   0x0000000000000058       0xcc Core/src/gpio.o
 .debug_frame   0x0000000000000124       0x84 Core/src/main.o
 .debug_frame   0x00000000000001a8       0x80 Core/src/rcc.o
 .debug_frame   0x0000000000000228      0x114 Core/src/tim.o
 .debug_frame   0x000000000000033c       0xb0 Core/src/wigand.o
 .debug_frame   0x00000000000003ec       0x2c c:/st/stm32cubeide_1.3.0/stm32cubeide/plugins/com.st.stm32cube.ide.mcu.externaltools.gnu-tools-for-stm32.7-2018-q2-update.win32_1.0.0.201904181610/tools/bin/../lib/gcc/arm-none-eabi/7.3.1/../../../../arm-none-eabi/lib/thumb/v7-m\libc_nano.a(lib_a-init.o)
